Reusing configuration cache.

> Task :1.16.5:stonecutterPrepare FAILED
e: file:///home/ersin/Masaüstü/PROJELERIM/LegitBridge-MultiVersion/src/main/java/com/ersin/legitbridge/ModHudRenderer.java:38:6 Extraneous input '{'
> Expected tokens: [<comment end>]

e: file:///home/ersin/Masaüstü/PROJELERIM/LegitBridge-MultiVersion/src/main/java/com/ersin/legitbridge/gui/ModGuideScreen.java:85:6 Extraneous input '{'
> Expected tokens: [<comment end>]

e: file:///home/ersin/Masaüstü/PROJELERIM/LegitBridge-MultiVersion/src/main/java/com/ersin/legitbridge/gui/ModConfigScreen.java:381:6 Extraneous input '{'
> Expected tokens: [<comment end>]


FAILURE: Build failed with an exception.

* What went wrong:
Execution failed for task ':1.16.5:stonecutterPrepare' (registered by plugin class 'dev.kikugie.stonecutter.StonecutterPlugin').
> File processing failed; see logs for more details.
    file:///home/ersin/Masaüstü/PROJELERIM/LegitBridge-MultiVersion/src/main/java/com/ersin/legitbridge/ModHudRenderer.java:38:6 Extraneous input '{'
    file:///home/ersin/Masaüstü/PROJELERIM/LegitBridge-MultiVersion/src/main/java/com/ersin/legitbridge/gui/ModGuideScreen.java:85:6 Extraneous input '{'
    file:///home/ersin/Masaüstü/PROJELERIM/LegitBridge-MultiVersion/src/main/java/com/ersin/legitbridge/gui/ModConfigScreen.java:381:6 Extraneous input '{'

* Try:
> Run with --stacktrace option to get the stack trace.
> Run with --info or --debug option to get more log output.
> Run with --scan to get full insights from a Build Scan (powered by Develocity).
> Get more help at https://help.gradle.org.

BUILD FAILED in 3s
1 actionable task: 1 executed
Configuration cache entry reused.
