Reusing configuration cache.

> Task :1.16.5:compileJava
/home/ersin/Masaüstü/PROJELERIM/LegitBridge-MultiVersion/src/main/java/com/ersin/legitbridge/mixin/MixinEntitySafeWalk.java:26: error: ')' expected
player.getWorld()
                 ^
/home/ersin/Masaüstü/PROJELERIM/LegitBridge-MultiVersion/src/main/java/com/ersin/legitbridge/mixin/MixinEntitySafeWalk.java:28: error: variable declaration not allowed here
            boolean nearSurfaceLanding = ModConfig.jumpBridge && !player.isOnGround() && player.getVelocity().y <= 0.0D && player.fallDistance < 1.5F;
                    ^
/home/ersin/Masaüstü/PROJELERIM/LegitBridge-MultiVersion/src/main/java/com/ersin/legitbridge/mixin/MixinEntitySafeWalk.java:36: error: class, interface, or enum expected
    private double modifyEdgeOffset(double originalOffset) {
            ^
/home/ersin/Masaüstü/PROJELERIM/LegitBridge-MultiVersion/src/main/java/com/ersin/legitbridge/mixin/MixinEntitySafeWalk.java:38: error: class, interface, or enum expected
        if (//? if <=1.19.2 {
        ^
/home/ersin/Masaüstü/PROJELERIM/LegitBridge-MultiVersion/src/main/java/com/ersin/legitbridge/mixin/MixinEntitySafeWalk.java:44: error: class, interface, or enum expected
            if (player.isOnGround() || nearSurfaceLanding) {
            ^
/home/ersin/Masaüstü/PROJELERIM/LegitBridge-MultiVersion/src/main/java/com/ersin/legitbridge/mixin/MixinEntitySafeWalk.java:56: error: class, interface, or enum expected
                }
                ^
/home/ersin/Masaüstü/PROJELERIM/LegitBridge-MultiVersion/src/main/java/com/ersin/legitbridge/mixin/MixinEntitySafeWalk.java:59: error: class, interface, or enum expected
                return currentJitter;
                ^
/home/ersin/Masaüstü/PROJELERIM/LegitBridge-MultiVersion/src/main/java/com/ersin/legitbridge/mixin/MixinEntitySafeWalk.java:60: error: class, interface, or enum expected
            }
            ^
/home/ersin/Masaüstü/PROJELERIM/LegitBridge-MultiVersion/src/main/java/com/ersin/legitbridge/mixin/MixinEntitySafeWalk.java:63: error: class, interface, or enum expected
    }
    ^
/home/ersin/Masaüstü/PROJELERIM/LegitBridge-MultiVersion/src/main/java/com/ersin/legitbridge/mixin/MixinMinecraftClientFastPlace.java:33: error: ')' expected
client.options.useKey
                     ^
/home/ersin/Masaüstü/PROJELERIM/LegitBridge-MultiVersion/src/main/java/com/ersin/legitbridge/mixin/MixinMinecraftClientFastPlace.java:44: error: '.class' expected
            boolean isValidTarget = true;
                    ^
/home/ersin/Masaüstü/PROJELERIM/LegitBridge-MultiVersion/src/main/java/com/ersin/legitbridge/mixin/MixinMinecraftClientFastPlace.java:41: error: not a statement
*///?}
^
/home/ersin/Masaüstü/PROJELERIM/LegitBridge-MultiVersion/src/main/java/com/ersin/legitbridge/mixin/MixinMinecraftClientFastPlace.java:44: error: illegal start of expression
            boolean isValidTarget = true;
                                  ^
/home/ersin/Masaüstü/PROJELERIM/LegitBridge-MultiVersion/src/main/java/com/ersin/legitbridge/mixin/MixinMinecraftClientFastPlace.java:44: error: ';' expected
            boolean isValidTarget = true;
                                   ^
/home/ersin/Masaüstü/PROJELERIM/LegitBridge-MultiVersion/src/main/java/com/ersin/legitbridge/mixin/MixinMinecraftClientFastPlace.java:87: error: class, interface, or enum expected
}
^
/home/ersin/Masaüstü/PROJELERIM/LegitBridge-MultiVersion/src/main/java/com/ersin/legitbridge/mixin/MixinMinecraftClientFastClick.java:27: error: ')' expected
client.options.attackKey
                        ^
/home/ersin/Masaüstü/PROJELERIM/LegitBridge-MultiVersion/src/main/java/com/ersin/legitbridge/mixin/MixinMinecraftClientFastClick.java:38: error: illegal start of expression
            if (Humanizer.shouldDropClick()) {
            ^
/home/ersin/Masaüstü/PROJELERIM/LegitBridge-MultiVersion/src/main/java/com/ersin/legitbridge/mixin/MixinMinecraftClientFastClick.java:35: error: not a statement
*///?}
^
/home/ersin/Masaüstü/PROJELERIM/LegitBridge-MultiVersion/src/main/java/com/ersin/legitbridge/mixin/MixinMinecraftClientFastClick.java:38: error: not a statement
            if (Humanizer.shouldDropClick()) {
               ^
/home/ersin/Masaüstü/PROJELERIM/LegitBridge-MultiVersion/src/main/java/com/ersin/legitbridge/mixin/MixinMinecraftClientFastClick.java:38: error: ';' expected
            if (Humanizer.shouldDropClick()) {
                                            ^
/home/ersin/Masaüstü/PROJELERIM/LegitBridge-MultiVersion/src/main/java/com/ersin/legitbridge/mixin/MixinMinecraftClientFastClick.java:53: error: class, interface, or enum expected
}
^
/home/ersin/Masaüstü/PROJELERIM/LegitBridge-MultiVersion/src/main/java/com/ersin/legitbridge/ModHudRenderer.java:115: error: ';' expected
player.getInventory()
                     ^
/home/ersin/Masaüstü/PROJELERIM/LegitBridge-MultiVersion/src/main/java/com/ersin/legitbridge/AdvancedCombatHud.java:77: error: ';' expected
player.getBoundingBox()
                       ^
/home/ersin/Masaüstü/PROJELERIM/LegitBridge-MultiVersion/src/main/java/com/ersin/legitbridge/AdvancedCombatHud.java:190: error: ';' expected
player.getBoundingBox()
                       ^
/home/ersin/Masaüstü/PROJELERIM/LegitBridge-MultiVersion/src/main/java/com/ersin/legitbridge/AdvancedCombatHud.java:237: error: ')' expected
player.getBoundingBox()
                       ^
/home/ersin/Masaüstü/PROJELERIM/LegitBridge-MultiVersion/src/main/java/com/ersin/legitbridge/AdvancedCombatHud.java:239: error: ';' expected
                entity -> entity instanceof net.minecraft.entity.projectile.ProjectileEntity || entity instanceof net.minecraft.entity.projectile.ExplosiveProjectileEntity));
                      ^
/home/ersin/Masaüstü/PROJELERIM/LegitBridge-MultiVersion/src/main/java/com/ersin/legitbridge/AdvancedCombatHud.java:239: error: not a statement
                entity -> entity instanceof net.minecraft.entity.projectile.ProjectileEntity || entity instanceof net.minecraft.entity.projectile.ExplosiveProjectileEntity));
                                                                                             ^
/home/ersin/Masaüstü/PROJELERIM/LegitBridge-MultiVersion/src/main/java/com/ersin/legitbridge/AdvancedCombatHud.java:239: error: ';' expected
                entity -> entity instanceof net.minecraft.entity.projectile.ProjectileEntity || entity instanceof net.minecraft.entity.projectile.ExplosiveProjectileEntity));
                                                                                                                                                                           ^
/home/ersin/Masaüstü/PROJELERIM/LegitBridge-MultiVersion/src/main/java/com/ersin/legitbridge/AdvancedCombatHud.java:258: error: ';' expected
player.getBoundingBox()
                       ^
/home/ersin/Masaüstü/PROJELERIM/LegitBridge-MultiVersion/src/main/java/com/ersin/legitbridge/helpers/AutoTotemHelper.java:45: error: ')' expected
player.getInventory()
                     ^
/home/ersin/Masaüstü/PROJELERIM/LegitBridge-MultiVersion/src/main/java/com/ersin/legitbridge/helpers/AutoTotemHelper.java:47: error: not a statement
                        if (totemSlotId != -1) {
                           ^
/home/ersin/Masaüstü/PROJELERIM/LegitBridge-MultiVersion/src/main/java/com/ersin/legitbridge/helpers/AutoTotemHelper.java:47: error: ';' expected
                        if (totemSlotId != -1) {
                                              ^
/home/ersin/Masaüstü/PROJELERIM/LegitBridge-MultiVersion/src/main/java/com/ersin/legitbridge/module/impl/AutoEat.java:44: error: ';' expected
client.options.useKey
      ^
/home/ersin/Masaüstü/PROJELERIM/LegitBridge-MultiVersion/src/main/java/com/ersin/legitbridge/module/impl/AutoEat.java:68: error: ';' expected
client.options.useKey
      ^
/home/ersin/Masaüstü/PROJELERIM/LegitBridge-MultiVersion/src/main/java/com/ersin/legitbridge/module/impl/AutoEat.java:71: error: illegal start of expression
            }
            ^
/home/ersin/Masaüstü/PROJELERIM/LegitBridge-MultiVersion/src/main/java/com/ersin/legitbridge/module/impl/AutoEat.java:70: error: not a statement
*///?}
^
/home/ersin/Masaüstü/PROJELERIM/LegitBridge-MultiVersion/src/main/java/com/ersin/legitbridge/module/impl/AutoEat.java:75: error: illegal start of expression
    private void stopEating() {
    ^
/home/ersin/Masaüstü/PROJELERIM/LegitBridge-MultiVersion/src/main/java/com/ersin/legitbridge/module/impl/AutoEat.java:75: error: illegal start of expression
    private void stopEating() {
            ^
/home/ersin/Masaüstü/PROJELERIM/LegitBridge-MultiVersion/src/main/java/com/ersin/legitbridge/module/impl/AutoEat.java:75: error: ';' expected
    private void stopEating() {
                           ^
/home/ersin/Masaüstü/PROJELERIM/LegitBridge-MultiVersion/src/main/java/com/ersin/legitbridge/module/impl/AutoEat.java:86: error: ';' expected
client.options.useKey
      ^
/home/ersin/Masaüstü/PROJELERIM/LegitBridge-MultiVersion/src/main/java/com/ersin/legitbridge/module/impl/AutoEat.java:89: error: illegal start of expression
        if (oldSlot != -1) {
        ^
/home/ersin/Masaüstü/PROJELERIM/LegitBridge-MultiVersion/src/main/java/com/ersin/legitbridge/module/impl/AutoEat.java:88: error: not a statement
*///?}
^
/home/ersin/Masaüstü/PROJELERIM/LegitBridge-MultiVersion/src/main/java/com/ersin/legitbridge/module/impl/AutoEat.java:89: error: not a statement
        if (oldSlot != -1) {
           ^
/home/ersin/Masaüstü/PROJELERIM/LegitBridge-MultiVersion/src/main/java/com/ersin/legitbridge/module/impl/AutoEat.java:89: error: ';' expected
        if (oldSlot != -1) {
                          ^
/home/ersin/Masaüstü/PROJELERIM/LegitBridge-MultiVersion/src/main/java/com/ersin/legitbridge/module/impl/AutoEat.java:96: error: illegal start of expression
    private int findFoodInHotbar() {
    ^
/home/ersin/Masaüstü/PROJELERIM/LegitBridge-MultiVersion/src/main/java/com/ersin/legitbridge/module/impl/AutoEat.java:96: error: ';' expected
    private int findFoodInHotbar() {
                                ^
/home/ersin/Masaüstü/PROJELERIM/LegitBridge-MultiVersion/src/main/java/com/ersin/legitbridge/module/impl/AutoEat.java:104: error: ';' expected
player.getInventory()
                     ^
/home/ersin/Masaüstü/PROJELERIM/LegitBridge-MultiVersion/src/main/java/com/ersin/legitbridge/module/impl/AutoEat.java:119: error: reached end of file while parsing
}
 ^
/home/ersin/Masaüstü/PROJELERIM/LegitBridge-MultiVersion/src/main/java/com/ersin/legitbridge/module/impl/AutoSupply.java:44: error: ';' expected
player.getInventory()
                     ^
/home/ersin/Masaüstü/PROJELERIM/LegitBridge-MultiVersion/src/main/java/com/ersin/legitbridge/module/impl/AutoTool.java:32: error: ';' expected
player.getInventory()
                     ^
/home/ersin/Masaüstü/PROJELERIM/LegitBridge-MultiVersion/src/main/java/com/ersin/legitbridge/module/impl/AutoTool.java:43: error: illegal start of expression
        if (//? if <=1.19.2 {
        ^
/home/ersin/Masaüstü/PROJELERIM/LegitBridge-MultiVersion/src/main/java/com/ersin/legitbridge/module/impl/AutoTool.java:40: error: not a statement
        *///?}
        ^
/home/ersin/Masaüstü/PROJELERIM/LegitBridge-MultiVersion/src/main/java/com/ersin/legitbridge/module/impl/AutoTool.java:52: error: ')' expected
client.options.attackKey
                        ^
/home/ersin/Masaüstü/PROJELERIM/LegitBridge-MultiVersion/src/main/java/com/ersin/legitbridge/module/impl/AutoTool.java:55: error: '.class' expected
            int bestWeaponSlot = findBestWeaponSlot(inventory);
                ^
/home/ersin/Masaüstü/PROJELERIM/LegitBridge-MultiVersion/src/main/java/com/ersin/legitbridge/module/impl/AutoTool.java:64: error: illegal start of type
        if (//? if <=1.19.2 {
        ^
/home/ersin/Masaüstü/PROJELERIM/LegitBridge-MultiVersion/src/main/java/com/ersin/legitbridge/module/impl/AutoTool.java:73: error: ')' expected
client.options.attackKey
                        ^
/home/ersin/Masaüstü/PROJELERIM/LegitBridge-MultiVersion/src/main/java/com/ersin/legitbridge/module/impl/AutoTool.java:79: error: illegal start of type
            if (!state.isAir()) {
            ^
/home/ersin/Masaüstü/PROJELERIM/LegitBridge-MultiVersion/src/main/java/com/ersin/legitbridge/module/impl/AutoTool.java:79: error: illegal start of type
            if (!state.isAir()) {
                ^
/home/ersin/Masaüstü/PROJELERIM/LegitBridge-MultiVersion/src/main/java/com/ersin/legitbridge/module/impl/AutoTool.java:79: error: ')' expected
            if (!state.isAir()) {
                 ^
/home/ersin/Masaüstü/PROJELERIM/LegitBridge-MultiVersion/src/main/java/com/ersin/legitbridge/module/impl/AutoTool.java:79: error: ';' expected
            if (!state.isAir()) {
                      ^
/home/ersin/Masaüstü/PROJELERIM/LegitBridge-MultiVersion/src/main/java/com/ersin/legitbridge/module/impl/AutoTool.java:79: error: invalid method declaration; return type required
            if (!state.isAir()) {
                       ^
/home/ersin/Masaüstü/PROJELERIM/LegitBridge-MultiVersion/src/main/java/com/ersin/legitbridge/module/impl/AutoTool.java:79: error: ';' expected
            if (!state.isAir()) {
                              ^
/home/ersin/Masaüstü/PROJELERIM/LegitBridge-MultiVersion/src/main/java/com/ersin/legitbridge/module/impl/AutoTool.java:86: error: class, interface, or enum expected
    }
    ^
/home/ersin/Masaüstü/PROJELERIM/LegitBridge-MultiVersion/src/main/java/com/ersin/legitbridge/module/impl/AutoTool.java:90: error: class, interface, or enum expected
        float bestDamage = 0;
        ^
/home/ersin/Masaüstü/PROJELERIM/LegitBridge-MultiVersion/src/main/java/com/ersin/legitbridge/module/impl/AutoTool.java:92: error: class, interface, or enum expected
        for (int i = 0; i < 9; i++) {
        ^
/home/ersin/Masaüstü/PROJELERIM/LegitBridge-MultiVersion/src/main/java/com/ersin/legitbridge/module/impl/AutoTool.java:92: error: class, interface, or enum expected
        for (int i = 0; i < 9; i++) {
                        ^
/home/ersin/Masaüstü/PROJELERIM/LegitBridge-MultiVersion/src/main/java/com/ersin/legitbridge/module/impl/AutoTool.java:92: error: class, interface, or enum expected
        for (int i = 0; i < 9; i++) {
                               ^
/home/ersin/Masaüstü/PROJELERIM/LegitBridge-MultiVersion/src/main/java/com/ersin/legitbridge/module/impl/AutoTool.java:94: error: class, interface, or enum expected
            if (!stack.isEmpty()) {
            ^
/home/ersin/Masaüstü/PROJELERIM/LegitBridge-MultiVersion/src/main/java/com/ersin/legitbridge/module/impl/AutoTool.java:96: error: class, interface, or enum expected
                float damage = 0;
                ^
/home/ersin/Masaüstü/PROJELERIM/LegitBridge-MultiVersion/src/main/java/com/ersin/legitbridge/module/impl/AutoTool.java:97: error: class, interface, or enum expected
                if (item instanceof SwordItem) {
                ^
/home/ersin/Masaüstü/PROJELERIM/LegitBridge-MultiVersion/src/main/java/com/ersin/legitbridge/module/impl/AutoTool.java:99: error: class, interface, or enum expected
                } else if (item instanceof MiningToolItem) {
                ^
/home/ersin/Masaüstü/PROJELERIM/LegitBridge-MultiVersion/src/main/java/com/ersin/legitbridge/module/impl/AutoTool.java:101: error: class, interface, or enum expected
                }
                ^
/home/ersin/Masaüstü/PROJELERIM/LegitBridge-MultiVersion/src/main/java/com/ersin/legitbridge/module/impl/AutoTool.java:105: error: class, interface, or enum expected
                    bestSlot = i;
                    ^
/home/ersin/Masaüstü/PROJELERIM/LegitBridge-MultiVersion/src/main/java/com/ersin/legitbridge/module/impl/AutoTool.java:106: error: class, interface, or enum expected
                }
                ^
/home/ersin/Masaüstü/PROJELERIM/LegitBridge-MultiVersion/src/main/java/com/ersin/legitbridge/module/impl/AutoTool.java:110: error: class, interface, or enum expected
    }
    ^
/home/ersin/Masaüstü/PROJELERIM/LegitBridge-MultiVersion/src/main/java/com/ersin/legitbridge/module/impl/AutoTool.java:114: error: class, interface, or enum expected
        float bestSpeed = 1.0f;
        ^
/home/ersin/Masaüstü/PROJELERIM/LegitBridge-MultiVersion/src/main/java/com/ersin/legitbridge/module/impl/AutoTool.java:116: error: class, interface, or enum expected
        for (int i = 0; i < 9; i++) {
        ^
/home/ersin/Masaüstü/PROJELERIM/LegitBridge-MultiVersion/src/main/java/com/ersin/legitbridge/module/impl/AutoTool.java:116: error: class, interface, or enum expected
        for (int i = 0; i < 9; i++) {
                        ^
/home/ersin/Masaüstü/PROJELERIM/LegitBridge-MultiVersion/src/main/java/com/ersin/legitbridge/module/impl/AutoTool.java:116: error: class, interface, or enum expected
        for (int i = 0; i < 9; i++) {
                               ^
/home/ersin/Masaüstü/PROJELERIM/LegitBridge-MultiVersion/src/main/java/com/ersin/legitbridge/module/impl/AutoTool.java:118: error: class, interface, or enum expected
            if (!stack.isEmpty()) {
            ^
/home/ersin/Masaüstü/PROJELERIM/LegitBridge-MultiVersion/src/main/java/com/ersin/legitbridge/module/impl/AutoTool.java:120: error: class, interface, or enum expected
                if (speed > bestSpeed) {
                ^
/home/ersin/Masaüstü/PROJELERIM/LegitBridge-MultiVersion/src/main/java/com/ersin/legitbridge/module/impl/AutoTool.java:122: error: class, interface, or enum expected
                    bestSlot = i;
                    ^
/home/ersin/Masaüstü/PROJELERIM/LegitBridge-MultiVersion/src/main/java/com/ersin/legitbridge/module/impl/AutoTool.java:123: error: class, interface, or enum expected
                }
                ^
/home/ersin/Masaüstü/PROJELERIM/LegitBridge-MultiVersion/src/main/java/com/ersin/legitbridge/module/impl/AutoTool.java:127: error: class, interface, or enum expected
    }
    ^
/home/ersin/Masaüstü/PROJELERIM/LegitBridge-MultiVersion/src/main/java/com/ersin/legitbridge/module/impl/AutoTotemModule.java:56: error: ')' expected
player.getInventory()
                     ^
/home/ersin/Masaüstü/PROJELERIM/LegitBridge-MultiVersion/src/main/java/com/ersin/legitbridge/module/impl/AutoTotemModule.java:58: error: not a statement
                        if (totemSlotId != -1) {
                           ^
/home/ersin/Masaüstü/PROJELERIM/LegitBridge-MultiVersion/src/main/java/com/ersin/legitbridge/module/impl/AutoTotemModule.java:58: error: ';' expected
                        if (totemSlotId != -1) {
                                              ^
/home/ersin/Masaüstü/PROJELERIM/LegitBridge-MultiVersion/src/main/java/com/ersin/legitbridge/module/impl/CombatAssist.java:37: error: ';' expected
client.options.attackKey
                        ^
/home/ersin/Masaüstü/PROJELERIM/LegitBridge-MultiVersion/src/main/java/com/ersin/legitbridge/module/impl/CombatAssist.java:47: error: '.class' expected
        boolean isBlocking = //? if <=1.19.2 {
                ^
/home/ersin/Masaüstü/PROJELERIM/LegitBridge-MultiVersion/src/main/java/com/ersin/legitbridge/module/impl/CombatAssist.java:45: error: not a statement
*///?}
^
/home/ersin/Masaüstü/PROJELERIM/LegitBridge-MultiVersion/src/main/java/com/ersin/legitbridge/module/impl/CombatAssist.java:47: error: illegal start of expression
        boolean isBlocking = //? if <=1.19.2 {
                           ^
/home/ersin/Masaüstü/PROJELERIM/LegitBridge-MultiVersion/src/main/java/com/ersin/legitbridge/module/impl/CombatAssist.java:50: error: ';' expected
client.options.useKey
      ^
/home/ersin/Masaüstü/PROJELERIM/LegitBridge-MultiVersion/src/main/java/com/ersin/legitbridge/module/impl/CombatAssist.java:56: error: ';' expected
client.options.useKey
      ^
/home/ersin/Masaüstü/PROJELERIM/LegitBridge-MultiVersion/src/main/java/com/ersin/legitbridge/module/impl/CombatAssist.java:60: error: illegal start of expression
        if (!isAttacking && !isBlocking) {
        ^
/home/ersin/Masaüstü/PROJELERIM/LegitBridge-MultiVersion/src/main/java/com/ersin/legitbridge/module/impl/CombatAssist.java:58: error: not a statement
*///?}
^
/home/ersin/Masaüstü/PROJELERIM/LegitBridge-MultiVersion/src/main/java/com/ersin/legitbridge/module/impl/CombatAssist.java:60: error: not a statement
        if (!isAttacking && !isBlocking) {
           ^
/home/ersin/Masaüstü/PROJELERIM/LegitBridge-MultiVersion/src/main/java/com/ersin/legitbridge/module/impl/CombatAssist.java:60: error: ';' expected
        if (!isAttacking && !isBlocking) {
                                        ^
/home/ersin/Masaüstü/PROJELERIM/LegitBridge-MultiVersion/src/main/java/com/ersin/legitbridge/module/impl/CombatAssist.java:159: error: '.class' expected
        float pitchDiff = targetPitch - client.player.pitch;
              ^
/home/ersin/Masaüstü/PROJELERIM/LegitBridge-MultiVersion/src/main/java/com/ersin/legitbridge/module/impl/CombatAssist.java:157: error: not a statement
*///?}
^
/home/ersin/Masaüstü/PROJELERIM/LegitBridge-MultiVersion/src/main/java/com/ersin/legitbridge/module/impl/CombatAssist.java:159: error: illegal start of expression
        float pitchDiff = targetPitch - client.player.pitch;
                        ^
100 errors

> Task :1.16.5:compileJava FAILED

[Incubating] Problems report is available at: file:///home/ersin/Masa%C3%BCst%C3%BC/PROJELERIM/LegitBridge-MultiVersion/build/reports/problems/problems-report.html

FAILURE: Build failed with an exception.

* What went wrong:
Execution failed for task ':1.16.5:compileJava' (registered by plugin class 'org.gradle.api.plugins.JavaBasePlugin').
> Compilation failed; see the compiler output below.
  /home/ersin/Masaüstü/PROJELERIM/LegitBridge-MultiVersion/src/main/java/com/ersin/legitbridge/mixin/MixinEntitySafeWalk.java:26: error: ')' expected
  player.getWorld()
                   ^
  100 errors

* Try:
> Check your code and dependencies to fix the compilation error(s)
> Run with --scan to get full insights from a Build Scan (powered by Develocity).

BUILD FAILED in 4s
1 actionable task: 1 executed
Configuration cache entry reused.
