Starting a Gradle Daemon, 1 incompatible and 1 stopped Daemons could not be reused, use --status for details
Reusing configuration cache.
> Task :1.20.1:stonecutterPrepare
> Task :1.20.1:stonecutterGenerate

> Task :1.20.1:compileJava
/home/ersin/Masaüstü/PROJELERIM/LegitBridge-MultiVersion/versions/1.20.1/build/generated/stonecutter/main/java/com/ersin/legitbridge/mixin/MixinEntitySafeWalk.java:23: error: world has private access in Entity
        if (player.world.isClient && ModConfig.enabled && ModConfig.safeWalk) {
                  ^
/home/ersin/Masaüstü/PROJELERIM/LegitBridge-MultiVersion/versions/1.20.1/build/generated/stonecutter/main/java/com/ersin/legitbridge/mixin/MixinEntitySafeWalk.java:34: error: world has private access in Entity
        if (player.world.isClient && ModConfig.enabled && ModConfig.safeWalk) {
                  ^
/home/ersin/Masaüstü/PROJELERIM/LegitBridge-MultiVersion/versions/1.20.1/build/generated/stonecutter/main/java/com/ersin/legitbridge/mixin/MixinEntitySafeWalk.java:40: error: pitch has private access in Entity
                boolean isBridging = player.pitch > 60.0f && player.getMainHandStack().getItem() instanceof net.minecraft.item.BlockItem;
                                           ^
/home/ersin/Masaüstü/PROJELERIM/LegitBridge-MultiVersion/versions/1.20.1/build/generated/stonecutter/main/java/com/ersin/legitbridge/mixin/MixinEntity.java:40: error: cannot find symbol
            cir.setReturnValue("Player" + ((Entity)(Object)this).getEntityId());
                                                                ^
  symbol:   method getEntityId()
  location: class Entity
/home/ersin/Masaüstü/PROJELERIM/LegitBridge-MultiVersion/versions/1.20.1/build/generated/stonecutter/main/java/com/ersin/legitbridge/mixin/MixinEntity.java:47: error: cannot find symbol
            cir.setReturnValue(/*? if <=1.19.2 {*//*new net.minecraft.text.LiteralText*//*?} else {*/net.minecraft.text.Text.literal/*?}*/("Player" + ((Entity)(Object)this).getEntityId()));
                                                                                                                                                                            ^
  symbol:   method getEntityId()
  location: class Entity
/home/ersin/Masaüstü/PROJELERIM/LegitBridge-MultiVersion/versions/1.20.1/build/generated/stonecutter/main/java/com/ersin/legitbridge/mixin/MixinClientPlayNetworkHandler.java:24: error: cannot find symbol
            if (client.player != null && packet.getId() == client.player.getEntityId()) {
                                                                        ^
  symbol:   method getEntityId()
  location: variable player of type ClientPlayerEntity
/home/ersin/Masaüstü/PROJELERIM/LegitBridge-MultiVersion/versions/1.20.1/build/generated/stonecutter/main/java/com/ersin/legitbridge/gui/ModConfigScreen.java:291: error: cannot find symbol
                event = SoundEvents.ENTITY_PLAYER_LEVELUP.value();
                                                         ^
  symbol:   method value()
  location: variable ENTITY_PLAYER_LEVELUP of type SoundEvent
/home/ersin/Masaüstü/PROJELERIM/LegitBridge-MultiVersion/versions/1.20.1/build/generated/stonecutter/main/java/com/ersin/legitbridge/gui/ModConfigScreen.java:388: error: cannot find symbol
        this.fillGradient(context, 0, 0, this.width, this.height, 0xD0000000, 0xF0000000);
            ^
  symbol: method fillGradient(Object,int,int,int,int,int,int)
/home/ersin/Masaüstü/PROJELERIM/LegitBridge-MultiVersion/versions/1.20.1/build/generated/stonecutter/main/java/com/ersin/legitbridge/gui/ModConfigScreen.java:471: error: method does not override or implement a method from a supertype
    @Override
    ^
/home/ersin/Masaüstü/PROJELERIM/LegitBridge-MultiVersion/versions/1.20.1/build/generated/stonecutter/main/java/com/ersin/legitbridge/gui/ModConfigScreen.java:512: error: method does not override or implement a method from a supertype
        @Override
        ^
/home/ersin/Masaüstü/PROJELERIM/LegitBridge-MultiVersion/versions/1.20.1/build/generated/stonecutter/main/java/com/ersin/legitbridge/gui/ModConfigScreen.java:582: error: method does not override or implement a method from a supertype
        @Override
        ^
/home/ersin/Masaüstü/PROJELERIM/LegitBridge-MultiVersion/versions/1.20.1/build/generated/stonecutter/main/java/com/ersin/legitbridge/gui/ModConfigScreen.java:654: error: method does not override or implement a method from a supertype
        @Override
        ^
/home/ersin/Masaüstü/PROJELERIM/LegitBridge-MultiVersion/versions/1.20.1/build/generated/stonecutter/main/java/com/ersin/legitbridge/gui/ModGuideScreen.java:206: error: method does not override or implement a method from a supertype
    @Override
    ^
/home/ersin/Masaüstü/PROJELERIM/LegitBridge-MultiVersion/versions/1.20.1/build/generated/stonecutter/main/java/com/ersin/legitbridge/module/impl/FireballAssist.java:70: error: unexpected type
                client.player.getPitch() = targetPitch;
                                      ^
  required: variable
  found:    value
/home/ersin/Masaüstü/PROJELERIM/LegitBridge-MultiVersion/versions/1.20.1/build/generated/stonecutter/main/java/com/ersin/legitbridge/module/impl/Freecam.java:47: error: inventory has private access in PlayerEntity
            dummyPlayer.inventory.clone(client.player.getInventory());
                       ^
/home/ersin/Masaüstü/PROJELERIM/LegitBridge-MultiVersion/versions/1.20.1/build/generated/stonecutter/main/java/com/ersin/legitbridge/module/impl/Freecam.java:75: error: unexpected type
client.player.getYaw() = originalYaw;
                    ^
  required: variable
  found:    value
/home/ersin/Masaüstü/PROJELERIM/LegitBridge-MultiVersion/versions/1.20.1/build/generated/stonecutter/main/java/com/ersin/legitbridge/module/impl/Freecam.java:80: error: unexpected type
client.player.getPitch() = originalPitch;
                      ^
  required: variable
  found:    value
/home/ersin/Masaüstü/PROJELERIM/LegitBridge-MultiVersion/versions/1.20.1/build/generated/stonecutter/main/java/com/ersin/legitbridge/module/impl/Fullbright.java:30: error: unexpected type
            /*? if <=1.19.2 {*//*client.options.gamma*//*?} else {*/client.options.getGamma().getValue()/*?}*/ = originalGamma != -1 ? originalGamma : 1.0;
                                                                                                      ^
  required: variable
  found:    value
/home/ersin/Masaüstü/PROJELERIM/LegitBridge-MultiVersion/versions/1.20.1/build/generated/stonecutter/main/java/com/ersin/legitbridge/module/impl/WorldRender.java:263: error: incompatible types: int cannot be converted to DrawMode
                buffer.begin(1, /*? if <=1.19.2 {*//*VertexFormats.POSITION_COLOR*//*?} else {*/net.minecraft.client.render.VertexFormats.POSITION_COLOR/*?}*/); // GL_LINES
                             ^
/home/ersin/Masaüstü/PROJELERIM/LegitBridge-MultiVersion/versions/1.20.1/build/generated/stonecutter/main/java/com/ersin/legitbridge/module/impl/WorldRender.java:298: error: incompatible types: int cannot be converted to DrawMode
                    buffer.begin(1, /*? if <=1.19.2 {*//*VertexFormats.POSITION_COLOR*//*?} else {*/net.minecraft.client.render.VertexFormats.POSITION_COLOR/*?}*/); // GL_LINES
                                 ^
/home/ersin/Masaüstü/PROJELERIM/LegitBridge-MultiVersion/versions/1.20.1/build/generated/stonecutter/main/java/com/ersin/legitbridge/module/impl/WorldRender.java:329: error: incompatible types: int cannot be converted to DrawMode
        buffer.begin(1, /*? if <=1.19.2 {*//*VertexFormats.POSITION_COLOR*//*?} else {*/net.minecraft.client.render.VertexFormats.POSITION_COLOR/*?}*/);
                     ^
/home/ersin/Masaüstü/PROJELERIM/LegitBridge-MultiVersion/versions/1.20.1/build/generated/stonecutter/main/java/com/ersin/legitbridge/module/impl/WorldRender.java:346: error: incompatible types: int cannot be converted to DrawMode
        buffer.begin(1, /*? if <=1.19.2 {*//*VertexFormats.POSITION_COLOR*//*?} else {*/net.minecraft.client.render.VertexFormats.POSITION_COLOR/*?}*/);
                     ^
/home/ersin/Masaüstü/PROJELERIM/LegitBridge-MultiVersion/versions/1.20.1/build/generated/stonecutter/main/java/com/ersin/legitbridge/module/impl/WorldRender.java:364: error: cannot find symbol
        for (net.minecraft.block.entity.BlockEntity be : client.world.blockEntities) {
                                                                     ^
  symbol:   variable blockEntities
  location: variable world of type ClientWorld
/home/ersin/Masaüstü/PROJELERIM/LegitBridge-MultiVersion/versions/1.20.1/build/generated/stonecutter/main/java/com/ersin/legitbridge/module/impl/WorldRender.java:413: error: incompatible types: int cannot be converted to DrawMode
        buffer.begin(1, /*? if <=1.19.2 {*//*VertexFormats.POSITION_COLOR*//*?} else {*/net.minecraft.client.render.VertexFormats.POSITION_COLOR/*?}*/); // GL_LINES
                     ^
/home/ersin/Masaüstü/PROJELERIM/LegitBridge-MultiVersion/versions/1.20.1/build/generated/stonecutter/main/java/com/ersin/legitbridge/module/impl/WorldRender.java:455: error: incompatible types: int cannot be converted to DrawMode
        buffer.begin(1, /*? if <=1.19.2 {*//*VertexFormats.POSITION_COLOR*//*?} else {*/net.minecraft.client.render.VertexFormats.POSITION_COLOR/*?}*/); // GL_LINES
                     ^
/home/ersin/Masaüstü/PROJELERIM/LegitBridge-MultiVersion/versions/1.20.1/build/generated/stonecutter/main/java/com/ersin/legitbridge/module/impl/WorldRender.java:492: error: incompatible types: int cannot be converted to DrawMode
        buffer.begin(7, /*? if <=1.19.2 {*//*VertexFormats.POSITION_COLOR*//*?} else {*/net.minecraft.client.render.VertexFormats.POSITION_COLOR/*?}*/); // GL_QUADS
                     ^
/home/ersin/Masaüstü/PROJELERIM/LegitBridge-MultiVersion/versions/1.20.1/build/generated/stonecutter/main/java/com/ersin/legitbridge/module/impl/LavaEvader.java:32: error: unexpected type
client.player.getPitch() = -90f;
                      ^
  required: variable
  found:    value
/home/ersin/Masaüstü/PROJELERIM/LegitBridge-MultiVersion/versions/1.20.1/build/generated/stonecutter/main/java/com/ersin/legitbridge/module/impl/LavaEvader.java:38: error: method interactItem in class ClientPlayerInteractionManager cannot be applied to given types;
                    client.interactionManager.interactItem(client.player, client.world, Hand.MAIN_HAND);
                                             ^
  required: PlayerEntity,Hand
  found:    ClientPlayerEntity,ClientWorld,Hand
  reason: actual and formal argument lists differ in length
/home/ersin/Masaüstü/PROJELERIM/LegitBridge-MultiVersion/versions/1.20.1/build/generated/stonecutter/main/java/com/ersin/legitbridge/module/impl/InvMove.java:34: error: cannot find symbol
            client.options.keyForward,
                          ^
  symbol:   variable keyForward
  location: variable options of type GameOptions
/home/ersin/Masaüstü/PROJELERIM/LegitBridge-MultiVersion/versions/1.20.1/build/generated/stonecutter/main/java/com/ersin/legitbridge/module/impl/InvMove.java:35: error: cannot find symbol
            client.options.keyBack,
                          ^
  symbol:   variable keyBack
  location: variable options of type GameOptions
/home/ersin/Masaüstü/PROJELERIM/LegitBridge-MultiVersion/versions/1.20.1/build/generated/stonecutter/main/java/com/ersin/legitbridge/module/impl/InvMove.java:36: error: cannot find symbol
            client.options.keyLeft,
                          ^
  symbol:   variable keyLeft
  location: variable options of type GameOptions
/home/ersin/Masaüstü/PROJELERIM/LegitBridge-MultiVersion/versions/1.20.1/build/generated/stonecutter/main/java/com/ersin/legitbridge/module/impl/InvMove.java:37: error: cannot find symbol
            client.options.keyRight,
                          ^
  symbol:   variable keyRight
  location: variable options of type GameOptions
/home/ersin/Masaüstü/PROJELERIM/LegitBridge-MultiVersion/versions/1.20.1/build/generated/stonecutter/main/java/com/ersin/legitbridge/module/impl/LegitWTap.java:58: error: cannot find symbol
                    if (client.options.keyForward.isPressed()) {
                                      ^
  symbol:   variable keyForward
  location: variable options of type GameOptions
/home/ersin/Masaüstü/PROJELERIM/LegitBridge-MultiVersion/versions/1.20.1/build/generated/stonecutter/main/java/com/ersin/legitbridge/module/impl/LegitAutoPot.java:46: error: unexpected type
                        client.player.getPitch() = 90.0f;
                                              ^
  required: variable
  found:    value
/home/ersin/Masaüstü/PROJELERIM/LegitBridge-MultiVersion/versions/1.20.1/build/generated/stonecutter/main/java/com/ersin/legitbridge/module/impl/LegitAutoPot.java:52: error: method interactItem in class ClientPlayerInteractionManager cannot be applied to given types;
                            client.interactionManager.interactItem(client.player, client.world, Hand.MAIN_HAND);
                                                     ^
  required: PlayerEntity,Hand
  found:    ClientPlayerEntity,ClientWorld,Hand
  reason: actual and formal argument lists differ in length
/home/ersin/Masaüstü/PROJELERIM/LegitBridge-MultiVersion/versions/1.20.1/build/generated/stonecutter/main/java/com/ersin/legitbridge/module/impl/LegitAutoPot.java:75: error: unexpected type
                client.player.getPitch() = 90.0f;
                                      ^
  required: variable
  found:    value
/home/ersin/Masaüstü/PROJELERIM/LegitBridge-MultiVersion/versions/1.20.1/build/generated/stonecutter/main/java/com/ersin/legitbridge/module/impl/LegitAutoPot.java:82: error: method interactItem in class ClientPlayerInteractionManager cannot be applied to given types;
                client.interactionManager.interactItem(client.player, client.world, Hand.MAIN_HAND);
                                         ^
  required: PlayerEntity,Hand
  found:    ClientPlayerEntity,ClientWorld,Hand
  reason: actual and formal argument lists differ in length
/home/ersin/Masaüstü/PROJELERIM/LegitBridge-MultiVersion/versions/1.20.1/build/generated/stonecutter/main/java/com/ersin/legitbridge/module/impl/LegitAutoPot.java:95: error: unexpected type
                client.player.getPitch() -= 12.0f;
                                      ^
  required: variable
  found:    value
/home/ersin/Masaüstü/PROJELERIM/LegitBridge-MultiVersion/versions/1.20.1/build/generated/stonecutter/main/java/com/ersin/legitbridge/module/impl/LegitAutoPot.java:101: error: unexpected type
                client.player.getPitch() = originalPitch;
                                      ^
  required: variable
  found:    value
/home/ersin/Masaüstü/PROJELERIM/LegitBridge-MultiVersion/versions/1.20.1/build/generated/stonecutter/main/java/com/ersin/legitbridge/module/impl/LegitAutoRod.java:51: error: method interactItem in class ClientPlayerInteractionManager cannot be applied to given types;
                client.interactionManager.interactItem(client.player, client.world, Hand.MAIN_HAND);
                                         ^
  required: PlayerEntity,Hand
  found:    ClientPlayerEntity,ClientWorld,Hand
  reason: actual and formal argument lists differ in length
/home/ersin/Masaüstü/PROJELERIM/LegitBridge-MultiVersion/versions/1.20.1/build/generated/stonecutter/main/java/com/ersin/legitbridge/module/impl/LegitAutoRod.java:58: error: method interactItem in class ClientPlayerInteractionManager cannot be applied to given types;
                client.interactionManager.interactItem(client.player, client.world, Hand.MAIN_HAND);
                                         ^
  required: PlayerEntity,Hand
  found:    ClientPlayerEntity,ClientWorld,Hand
  reason: actual and formal argument lists differ in length
/home/ersin/Masaüstü/PROJELERIM/LegitBridge-MultiVersion/versions/1.20.1/build/generated/stonecutter/main/java/com/ersin/legitbridge/utils/RotationUtil.java:18: error: incompatible types: Double cannot be converted to float
        float f = (float) /*? if <=1.19.2 {*//*client.options.mouseSensitivity*//*?} else {*/client.options.getMouseSensitivity().getValue()/*?}*/ * 0.6F + 0.2F;
                                                                                                                                          ^
Note: Some messages have been simplified; recompile with -Xdiags:verbose to get full output
42 errors

> Task :1.20.1:compileJava FAILED

[Incubating] Problems report is available at: file:///home/ersin/Masa%C3%BCst%C3%BC/PROJELERIM/LegitBridge-MultiVersion/build/reports/problems/problems-report.html

FAILURE: Build failed with an exception.

* What went wrong:
Execution failed for task ':1.20.1:compileJava' (registered by plugin class 'org.gradle.api.plugins.JavaBasePlugin').
> Compilation failed; see the compiler output below.
  /home/ersin/Masaüstü/PROJELERIM/LegitBridge-MultiVersion/versions/1.20.1/build/generated/stonecutter/main/java/com/ersin/legitbridge/mixin/MixinEntitySafeWalk.java:23: error: world has private access in Entity
          if (player.world.isClient && ModConfig.enabled && ModConfig.safeWalk) {
                    ^
  42 errors

* Try:
> Check your code and dependencies to fix the compilation error(s)
> Run with --scan to get full insights from a Build Scan (powered by Develocity).

BUILD FAILED in 50s
3 actionable tasks: 3 executed
Configuration cache entry reused.
