/home/ersin/Masaüstü/PROJELERIM/LegitBridge-MultiVersion/versions/1.20.1/build/generated/stonecutter/main/java/com/ersin/legitbridge/gui/ModConfigScreen.java:583: error: method renderWidget(DrawContext,int,int,float) is already defined in class ModConfigScreen.SimpleButton
/home/ersin/Masaüstü/PROJELERIM/LegitBridge-MultiVersion/versions/1.20.1/build/generated/stonecutter/main/java/com/ersin/legitbridge/gui/ModConfigScreen.java:655: error: method renderWidget(DrawContext,int,int,float) is already defined in class ModConfigScreen.ConfigButton
/home/ersin/Masaüstü/PROJELERIM/LegitBridge-MultiVersion/versions/1.20.1/build/generated/stonecutter/main/java/com/ersin/legitbridge/mixin/MixinEntitySafeWalk.java:23: error: world has private access in Entity
/home/ersin/Masaüstü/PROJELERIM/LegitBridge-MultiVersion/versions/1.20.1/build/generated/stonecutter/main/java/com/ersin/legitbridge/mixin/MixinEntitySafeWalk.java:34: error: world has private access in Entity
/home/ersin/Masaüstü/PROJELERIM/LegitBridge-MultiVersion/versions/1.20.1/build/generated/stonecutter/main/java/com/ersin/legitbridge/mixin/MixinEntitySafeWalk.java:40: error: pitch has private access in Entity
/home/ersin/Masaüstü/PROJELERIM/LegitBridge-MultiVersion/versions/1.20.1/build/generated/stonecutter/main/java/com/ersin/legitbridge/mixin/MixinEntity.java:40: error: cannot find symbol
/home/ersin/Masaüstü/PROJELERIM/LegitBridge-MultiVersion/versions/1.20.1/build/generated/stonecutter/main/java/com/ersin/legitbridge/mixin/MixinEntity.java:47: error: cannot find symbol
/home/ersin/Masaüstü/PROJELERIM/LegitBridge-MultiVersion/versions/1.20.1/build/generated/stonecutter/main/java/com/ersin/legitbridge/mixin/MixinClientPlayNetworkHandler.java:24: error: cannot find symbol
/home/ersin/Masaüstü/PROJELERIM/LegitBridge-MultiVersion/versions/1.20.1/build/generated/stonecutter/main/java/com/ersin/legitbridge/ModHudRenderer.java:18: error: ModHudRenderer is not abstract and does not override abstract method onHudRender(DrawContext,float) in HudRenderCallback
/home/ersin/Masaüstü/PROJELERIM/LegitBridge-MultiVersion/versions/1.20.1/build/generated/stonecutter/main/java/com/ersin/legitbridge/ModHudRenderer.java:32: error: method does not override or implement a method from a supertype
/home/ersin/Masaüstü/PROJELERIM/LegitBridge-MultiVersion/versions/1.20.1/build/generated/stonecutter/main/java/com/ersin/legitbridge/gui/ModConfigScreen.java:60: error: cannot find symbol
/home/ersin/Masaüstü/PROJELERIM/LegitBridge-MultiVersion/versions/1.20.1/build/generated/stonecutter/main/java/com/ersin/legitbridge/gui/ModConfigScreen.java:65: error: cannot find symbol
/home/ersin/Masaüstü/PROJELERIM/LegitBridge-MultiVersion/versions/1.20.1/build/generated/stonecutter/main/java/com/ersin/legitbridge/gui/ModConfigScreen.java:282: error: incompatible types: Reference<SoundEvent> cannot be converted to SoundEvent
/home/ersin/Masaüstü/PROJELERIM/LegitBridge-MultiVersion/versions/1.20.1/build/generated/stonecutter/main/java/com/ersin/legitbridge/gui/ModConfigScreen.java:386: error: cannot find symbol
/home/ersin/Masaüstü/PROJELERIM/LegitBridge-MultiVersion/versions/1.20.1/build/generated/stonecutter/main/java/com/ersin/legitbridge/gui/ModConfigScreen.java:417: error: y has private access in ClickableWidget
/home/ersin/Masaüstü/PROJELERIM/LegitBridge-MultiVersion/versions/1.20.1/build/generated/stonecutter/main/java/com/ersin/legitbridge/gui/ModConfigScreen.java:423: error: y has private access in ClickableWidget
/home/ersin/Masaüstü/PROJELERIM/LegitBridge-MultiVersion/versions/1.20.1/build/generated/stonecutter/main/java/com/ersin/legitbridge/gui/ModConfigScreen.java:430: error: x has private access in ClickableWidget
/home/ersin/Masaüstü/PROJELERIM/LegitBridge-MultiVersion/versions/1.20.1/build/generated/stonecutter/main/java/com/ersin/legitbridge/gui/ModConfigScreen.java:430: error: y has private access in ClickableWidget
/home/ersin/Masaüstü/PROJELERIM/LegitBridge-MultiVersion/versions/1.20.1/build/generated/stonecutter/main/java/com/ersin/legitbridge/gui/ModConfigScreen.java:467: error: method does not override or implement a method from a supertype
/home/ersin/Masaüstü/PROJELERIM/LegitBridge-MultiVersion/versions/1.20.1/build/generated/stonecutter/main/java/com/ersin/legitbridge/gui/ModConfigScreen.java:508: error: method does not override or implement a method from a supertype
/home/ersin/Masaüstü/PROJELERIM/LegitBridge-MultiVersion/versions/1.20.1/build/generated/stonecutter/main/java/com/ersin/legitbridge/gui/ModConfigScreen.java:550: error: method does not override or implement a method from a supertype
/home/ersin/Masaüstü/PROJELERIM/LegitBridge-MultiVersion/versions/1.20.1/build/generated/stonecutter/main/java/com/ersin/legitbridge/gui/ModConfigScreen.java:578: error: method does not override or implement a method from a supertype
/home/ersin/Masaüstü/PROJELERIM/LegitBridge-MultiVersion/versions/1.20.1/build/generated/stonecutter/main/java/com/ersin/legitbridge/gui/ModConfigScreen.java:606: error: method does not override or implement a method from a supertype
/home/ersin/Masaüstü/PROJELERIM/LegitBridge-MultiVersion/versions/1.20.1/build/generated/stonecutter/main/java/com/ersin/legitbridge/gui/ModConfigScreen.java:650: error: method does not override or implement a method from a supertype
/home/ersin/Masaüstü/PROJELERIM/LegitBridge-MultiVersion/versions/1.20.1/build/generated/stonecutter/main/java/com/ersin/legitbridge/gui/ModGuideScreen.java:46: error: constructor ButtonWidget in class ButtonWidget cannot be applied to given types;
/home/ersin/Masaüstü/PROJELERIM/LegitBridge-MultiVersion/versions/1.20.1/build/generated/stonecutter/main/java/com/ersin/legitbridge/gui/ModGuideScreen.java:54: error: constructor ButtonWidget in class ButtonWidget cannot be applied to given types;
/home/ersin/Masaüstü/PROJELERIM/LegitBridge-MultiVersion/versions/1.20.1/build/generated/stonecutter/main/java/com/ersin/legitbridge/gui/ModGuideScreen.java:62: error: constructor ButtonWidget in class ButtonWidget cannot be applied to given types;
/home/ersin/Masaüstü/PROJELERIM/LegitBridge-MultiVersion/versions/1.20.1/build/generated/stonecutter/main/java/com/ersin/legitbridge/gui/ModGuideScreen.java:77: error: variable context is already defined in method render(DrawContext,int,int,float)
/home/ersin/Masaüstü/PROJELERIM/LegitBridge-MultiVersion/versions/1.20.1/build/generated/stonecutter/main/java/com/ersin/legitbridge/gui/ModGuideScreen.java:77: error: cannot find symbol
/home/ersin/Masaüstü/PROJELERIM/LegitBridge-MultiVersion/versions/1.20.1/build/generated/stonecutter/main/java/com/ersin/legitbridge/gui/ModGuideScreen.java:180: error: method does not override or implement a method from a supertype
/home/ersin/Masaüstü/PROJELERIM/LegitBridge-MultiVersion/versions/1.20.1/build/generated/stonecutter/main/java/com/ersin/legitbridge/module/impl/FireballAssist.java:70: error: unexpected type
/home/ersin/Masaüstü/PROJELERIM/LegitBridge-MultiVersion/versions/1.20.1/build/generated/stonecutter/main/java/com/ersin/legitbridge/module/impl/Freecam.java:47: error: inventory has private access in PlayerEntity
/home/ersin/Masaüstü/PROJELERIM/LegitBridge-MultiVersion/versions/1.20.1/build/generated/stonecutter/main/java/com/ersin/legitbridge/module/impl/Freecam.java:75: error: unexpected type
/home/ersin/Masaüstü/PROJELERIM/LegitBridge-MultiVersion/versions/1.20.1/build/generated/stonecutter/main/java/com/ersin/legitbridge/module/impl/Freecam.java:80: error: unexpected type
/home/ersin/Masaüstü/PROJELERIM/LegitBridge-MultiVersion/versions/1.20.1/build/generated/stonecutter/main/java/com/ersin/legitbridge/module/impl/Fullbright.java:30: error: unexpected type
/home/ersin/Masaüstü/PROJELERIM/LegitBridge-MultiVersion/versions/1.20.1/build/generated/stonecutter/main/java/com/ersin/legitbridge/module/impl/WorldRender.java:263: error: incompatible types: int cannot be converted to DrawMode
/home/ersin/Masaüstü/PROJELERIM/LegitBridge-MultiVersion/versions/1.20.1/build/generated/stonecutter/main/java/com/ersin/legitbridge/module/impl/WorldRender.java:298: error: incompatible types: int cannot be converted to DrawMode
/home/ersin/Masaüstü/PROJELERIM/LegitBridge-MultiVersion/versions/1.20.1/build/generated/stonecutter/main/java/com/ersin/legitbridge/module/impl/WorldRender.java:329: error: incompatible types: int cannot be converted to DrawMode
/home/ersin/Masaüstü/PROJELERIM/LegitBridge-MultiVersion/versions/1.20.1/build/generated/stonecutter/main/java/com/ersin/legitbridge/module/impl/WorldRender.java:346: error: incompatible types: int cannot be converted to DrawMode
/home/ersin/Masaüstü/PROJELERIM/LegitBridge-MultiVersion/versions/1.20.1/build/generated/stonecutter/main/java/com/ersin/legitbridge/module/impl/WorldRender.java:364: error: cannot find symbol
/home/ersin/Masaüstü/PROJELERIM/LegitBridge-MultiVersion/versions/1.20.1/build/generated/stonecutter/main/java/com/ersin/legitbridge/module/impl/WorldRender.java:413: error: incompatible types: int cannot be converted to DrawMode
/home/ersin/Masaüstü/PROJELERIM/LegitBridge-MultiVersion/versions/1.20.1/build/generated/stonecutter/main/java/com/ersin/legitbridge/module/impl/WorldRender.java:455: error: incompatible types: int cannot be converted to DrawMode
/home/ersin/Masaüstü/PROJELERIM/LegitBridge-MultiVersion/versions/1.20.1/build/generated/stonecutter/main/java/com/ersin/legitbridge/module/impl/WorldRender.java:492: error: incompatible types: int cannot be converted to DrawMode
/home/ersin/Masaüstü/PROJELERIM/LegitBridge-MultiVersion/versions/1.20.1/build/generated/stonecutter/main/java/com/ersin/legitbridge/module/impl/LavaEvader.java:32: error: unexpected type
/home/ersin/Masaüstü/PROJELERIM/LegitBridge-MultiVersion/versions/1.20.1/build/generated/stonecutter/main/java/com/ersin/legitbridge/module/impl/LavaEvader.java:38: error: method interactItem in class ClientPlayerInteractionManager cannot be applied to given types;
/home/ersin/Masaüstü/PROJELERIM/LegitBridge-MultiVersion/versions/1.20.1/build/generated/stonecutter/main/java/com/ersin/legitbridge/module/impl/InvMove.java:34: error: cannot find symbol
/home/ersin/Masaüstü/PROJELERIM/LegitBridge-MultiVersion/versions/1.20.1/build/generated/stonecutter/main/java/com/ersin/legitbridge/module/impl/InvMove.java:35: error: cannot find symbol
/home/ersin/Masaüstü/PROJELERIM/LegitBridge-MultiVersion/versions/1.20.1/build/generated/stonecutter/main/java/com/ersin/legitbridge/module/impl/InvMove.java:36: error: cannot find symbol
/home/ersin/Masaüstü/PROJELERIM/LegitBridge-MultiVersion/versions/1.20.1/build/generated/stonecutter/main/java/com/ersin/legitbridge/module/impl/InvMove.java:37: error: cannot find symbol
/home/ersin/Masaüstü/PROJELERIM/LegitBridge-MultiVersion/versions/1.20.1/build/generated/stonecutter/main/java/com/ersin/legitbridge/module/impl/LegitWTap.java:58: error: cannot find symbol
/home/ersin/Masaüstü/PROJELERIM/LegitBridge-MultiVersion/versions/1.20.1/build/generated/stonecutter/main/java/com/ersin/legitbridge/module/impl/LegitAutoPot.java:46: error: unexpected type
/home/ersin/Masaüstü/PROJELERIM/LegitBridge-MultiVersion/versions/1.20.1/build/generated/stonecutter/main/java/com/ersin/legitbridge/module/impl/LegitAutoPot.java:52: error: method interactItem in class ClientPlayerInteractionManager cannot be applied to given types;
/home/ersin/Masaüstü/PROJELERIM/LegitBridge-MultiVersion/versions/1.20.1/build/generated/stonecutter/main/java/com/ersin/legitbridge/module/impl/LegitAutoPot.java:75: error: unexpected type
/home/ersin/Masaüstü/PROJELERIM/LegitBridge-MultiVersion/versions/1.20.1/build/generated/stonecutter/main/java/com/ersin/legitbridge/module/impl/LegitAutoPot.java:82: error: method interactItem in class ClientPlayerInteractionManager cannot be applied to given types;
/home/ersin/Masaüstü/PROJELERIM/LegitBridge-MultiVersion/versions/1.20.1/build/generated/stonecutter/main/java/com/ersin/legitbridge/module/impl/LegitAutoPot.java:95: error: unexpected type
/home/ersin/Masaüstü/PROJELERIM/LegitBridge-MultiVersion/versions/1.20.1/build/generated/stonecutter/main/java/com/ersin/legitbridge/module/impl/LegitAutoPot.java:101: error: unexpected type
/home/ersin/Masaüstü/PROJELERIM/LegitBridge-MultiVersion/versions/1.20.1/build/generated/stonecutter/main/java/com/ersin/legitbridge/module/impl/LegitAutoRod.java:51: error: method interactItem in class ClientPlayerInteractionManager cannot be applied to given types;
/home/ersin/Masaüstü/PROJELERIM/LegitBridge-MultiVersion/versions/1.20.1/build/generated/stonecutter/main/java/com/ersin/legitbridge/module/impl/LegitAutoRod.java:58: error: method interactItem in class ClientPlayerInteractionManager cannot be applied to given types;
/home/ersin/Masaüstü/PROJELERIM/LegitBridge-MultiVersion/versions/1.20.1/build/generated/stonecutter/main/java/com/ersin/legitbridge/utils/RotationUtil.java:18: error: incompatible types: Double cannot be converted to float
  /home/ersin/Masaüstü/PROJELERIM/LegitBridge-MultiVersion/versions/1.20.1/build/generated/stonecutter/main/java/com/ersin/legitbridge/gui/ModConfigScreen.java:583: error: method renderWidget(DrawContext,int,int,float) is already defined in class ModConfigScreen.SimpleButton
